#-----------------------------------------------------------
# Vivado v2020.2 (64-bit)
# SW Build 3064766 on Wed Nov 18 09:12:45 MST 2020
# IP Build 3064653 on Wed Nov 18 14:17:31 MST 2020
# Start of session at: Sun Apr  9 18:56:07 2023
# Process ID: 12720
# Current directory: C:/Users/Dusan/Desktop/MASTER/Otporni/otporni/fir_bez_toleranicje
# Command line: vivado.exe -gui_launcher_event rodinguilauncherevent3080 C:\Users\Dusan\Desktop\MASTER\Otporni\otporni\fir_bez_toleranicje\fir_filtar.xpr
# Log file: C:/Users/Dusan/Desktop/MASTER/Otporni/otporni/fir_bez_toleranicje/vivado.log
# Journal file: C:/Users/Dusan/Desktop/MASTER/Otporni/otporni/fir_bez_toleranicje\vivado.jou
#-----------------------------------------------------------
start_gui
open_project C:/Users/Dusan/Desktop/MASTER/Otporni/otporni/fir_bez_toleranicje/fir_filtar.xpr
launch_simulation
open_wave_config C:/Users/Dusan/Desktop/MASTER/Otporni/otporni/fir_bez_toleranicje/fir_tb_behav.wcfg
source fir_tb.tcl
run all
close_sim
