#-----------------------------------------------------------
# Vivado v2020.2 (64-bit)
# SW Build 3064766 on Wed Nov 18 09:12:45 MST 2020
# IP Build 3064653 on Wed Nov 18 14:17:31 MST 2020
# Start of session at: Sun Sep 15 23:42:35 2024
# Process ID: 1900
# Current directory: C:/Users/Dusan/Desktop/standby_sparing
# Command line: vivado.exe -gui_launcher_event rodinguilauncherevent5896 C:\Users\Dusan\Desktop\standby_sparing\standby_sparing.xpr
# Log file: C:/Users/Dusan/Desktop/standby_sparing/vivado.log
# Journal file: C:/Users/Dusan/Desktop/standby_sparing\vivado.jou
#-----------------------------------------------------------
start_gui
open_project C:/Users/Dusan/Desktop/standby_sparing/standby_sparing.xpr
update_compile_order -fileset sources_1
launch_simulation
open_wave_config C:/Users/Dusan/Desktop/standby_sparing/tb_voter_behav.wcfg
source tb_voter.tcl
restart
run 0.1 us
run 0.2 us
restart
run 0.2 us
run 0.3 us
save_wave_config {C:/Users/Dusan/Desktop/standby_sparing/tb_voter_behav.wcfg}
close_sim
launch_simulation
open_wave_config C:/Users/Dusan/Desktop/standby_sparing/tb_voter_behav.wcfg
source tb_voter.tcl
close_sim
